[    0.000000] Initializing cgroup subsys cpuset
[    0.000000] Initializing cgroup subsys cpu
[    0.000000] Initializing cgroup subsys cpuacct
[    0.000000] Linux version 4.4.0-62-generic (buildd@lcy01-30) (gcc version 5.4.0 20160609 (Ubuntu 5.4.0-6ubuntu1~16.04.4) ) #83-Ubuntu SMP Wed Jan 18 14:10:15 UTC 2017 (Ubuntu 4.4.0-62.83-generic 4.4.40)
[    0.000000] Command line: BOOT_IMAGE=/boot/vmlinuz-4.4.0-62-generic root=LABEL=cloudimg-rootfs ro console=tty1 console=ttyS0
[    0.000000] KERNEL supported cpus:
[    0.000000]   Intel GenuineIntel
[    0.000000]   AMD AuthenticAMD
[    0.000000]   Centaur CentaurHauls
[    0.000000] x86/fpu: xstate_offset[2]:  576, xstate_sizes[2]:  256
[    0.000000] x86/fpu: Supporting XSAVE feature 0x01: 'x87 floating point registers'
[    0.000000] x86/fpu: Supporting XSAVE feature 0x02: 'SSE registers'
[    0.000000] x86/fpu: Supporting XSAVE feature 0x04: 'AVX registers'
[    0.000000] x86/fpu: Enabled xstate features 0x7, context size is 832 bytes, using 'standard' format.
[    0.000000] x86/fpu: Using 'lazy' FPU context switches.
[    0.000000] e820: BIOS-provided physical RAM map:
[    0.000000] BIOS-e820: [mem 0x0000000000000000-0x000000000009fbff] usable
[    0.000000] BIOS-e820: [mem 0x000000000009fc00-0x000000000009ffff] reserved
[    0.000000] BIOS-e820: [mem 0x00000000000f0000-0x00000000000fffff] reserved
[    0.000000] BIOS-e820: [mem 0x0000000000100000-0x000000001ffeffff] usable
[    0.000000] BIOS-e820: [mem 0x000000001fff0000-0x000000001fffffff] ACPI data
[    0.000000] BIOS-e820: [mem 0x00000000fec00000-0x00000000fec00fff] reserved
[    0.000000] BIOS-e820: [mem 0x00000000fee00000-0x00000000fee00fff] reserved
[    0.000000] BIOS-e820: [mem 0x00000000fffc0000-0x00000000ffffffff] reserved
[    0.000000] NX (Execute Disable) protection: active
[    0.000000] SMBIOS 2.5 present.
[    0.000000] Hypervisor detected: KVM
[    0.000000] e820: last_pfn = 0x1fff0 max_arch_pfn = 0x400000000
[    0.000000] MTRR: Disabled
[    0.000000] x86/PAT: MTRRs disabled, skipping PAT initialization too.
[    0.000000] x86/PAT: Configuration [0-7]: WB  WT  UC- UC  WB  WT  UC- UC  
[    0.000000] CPU MTRRs all blank - virtualized system.
[    0.000000] found SMP MP-table at [mem 0x0009fff0-0x0009ffff] mapped at [ffff88000009fff0]
[    0.000000] Scanning 1 areas for low memory corruption
[    0.000000] RAMDISK: [mem 0x1ed11000-0x1f75bfff]
[    0.000000] ACPI: Early table checksum verification disabled
[    0.000000] ACPI: RSDP 0x00000000000E0000 000024 (v02 VBOX  )
[    0.000000] ACPI: XSDT 0x000000001FFF0030 00003C (v01 VBOX   VBOXXSDT 00000001 ASL  00000061)
[    0.000000] ACPI: FACP 0x000000001FFF00F0 0000F4 (v04 VBOX   VBOXFACP 00000001 ASL  00000061)
[    0.000000] ACPI: DSDT 0x000000001FFF0470 00210F (v01 VBOX   VBOXBIOS 00000002 INTL 20100528)
[    0.000000] ACPI: FACS 0x000000001FFF0200 000040
[    0.000000] ACPI: FACS 0x000000001FFF0200 000040
[    0.000000] ACPI: APIC 0x000000001FFF0240 00005C (v02 VBOX   VBOXAPIC 00000001 ASL  00000061)
[    0.000000] ACPI: SSDT 0x000000001FFF02A0 0001CC (v01 VBOX   VBOXCPUT 00000002 INTL 20100528)
[    0.000000] No NUMA configuration found
[    0.000000] Faking a node at [mem 0x0000000000000000-0x000000001ffeffff]
[    0.000000] NODE_DATA(0) allocated [mem 0x1ffeb000-0x1ffeffff]
[    0.000000] kvm-clock: Using msrs 4b564d01 and 4b564d00
[    0.000000] kvm-clock: cpu 0, msr 0:1ffe3001, primary cpu clock
[    0.000000] kvm-clock: using sched offset of 3190520331 cycles
[    0.000000] clocksource: kvm-clock: mask: 0xffffffffffffffff max_cycles: 0x1cd42e4dffb, max_idle_ns: 881590591483 ns
[    0.000000] Zone ranges:
[    0.000000]   DMA      [mem 0x0000000000001000-0x0000000000ffffff]
[    0.000000]   DMA32    [mem 0x0000000001000000-0x000000001ffeffff]
[    0.000000]   Normal   empty
[    0.000000]   Device   empty
[    0.000000] Movable zone start for each node
[    0.000000] Early memory node ranges
[    0.000000]   node   0: [mem 0x0000000000001000-0x000000000009efff]
[    0.000000]   node   0: [mem 0x0000000000100000-0x000000001ffeffff]
[    0.000000] Initmem setup node 0 [mem 0x0000000000001000-0x000000001ffeffff]
[    0.000000] ACPI: PM-Timer IO Port: 0x4008
[    0.000000] IOAPIC[0]: apic_id 2, version 32, address 0xfec00000, GSI 0-23
[    0.000000] ACPI: INT_SRC_OVR (bus 0 bus_irq 0 global_irq 2 dfl dfl)
[    0.000000] ACPI: INT_SRC_OVR (bus 0 bus_irq 9 global_irq 9 high level)
[    0.000000] Using ACPI (MADT) for SMP configuration information
[    0.000000] smpboot: Allowing 2 CPUs, 0 hotplug CPUs
[    0.000000] PM: Registered nosave memory: [mem 0x00000000-0x00000fff]
[    0.000000] PM: Registered nosave memory: [mem 0x0009f000-0x0009ffff]
[    0.000000] PM: Registered nosave memory: [mem 0x000a0000-0x000effff]
[    0.000000] PM: Registered nosave memory: [mem 0x000f0000-0x000fffff]
[    0.000000] e820: [mem 0x20000000-0xfebfffff] available for PCI devices
[    0.000000] Booting paravirtualized kernel on KVM
[    0.000000] clocksource: refined-jiffies: mask: 0xffffffff max_cycles: 0xffffffff, max_idle_ns: 7645519600211568 ns
[    0.000000] setup_percpu: NR_CPUS:512 nr_cpumask_bits:512 nr_cpu_ids:2 nr_node_ids:1
[    0.000000] PERCPU: Embedded 33 pages/cpu @ffff88001fc00000 s98264 r8192 d28712 u1048576
[    0.000000] PV qspinlock hash table entries: 256 (order: 0, 4096 bytes)
[    0.000000] Built 1 zonelists in Node order, mobility grouping on.  Total pages: 128889
[    0.000000] Policy zone: DMA32
[    0.000000] Kernel command line: BOOT_IMAGE=/boot/vmlinuz-4.4.0-62-generic root=LABEL=cloudimg-rootfs ro console=tty1 console=ttyS0
[    0.000000] PID hash table entries: 2048 (order: 2, 16384 bytes)
[    0.000000] Memory: 485960K/523832K available (8436K kernel code, 1291K rwdata, 3960K rodata, 1488K init, 1316K bss, 37872K reserved, 0K cma-reserved)
[    0.000000] SLUB: HWalign=64, Order=0-3, MinObjects=0, CPUs=2, Nodes=1
[    0.000000] Hierarchical RCU implementation.
[    0.000000] 	Build-time adjustment of leaf fanout to 64.
[    0.000000] 	RCU restricting CPUs from NR_CPUS=512 to nr_cpu_ids=2.
[    0.000000] RCU: Adjusting geometry for rcu_fanout_leaf=64, nr_cpu_ids=2
[    0.000000] NR_IRQS:33024 nr_irqs:440 16
[    0.000000] Console: colour VGA+ 80x25
[    0.000000] console [tty1] enabled
[    0.000000] console [ttyS0] enabled
[    0.000000] tsc: Detected 2593.994 MHz processor
[    6.206056] Calibrating delay loop (skipped) preset value.. 5187.98 BogoMIPS (lpj=10375976)
[    6.260755] pid_max: default: 32768 minimum: 301
[    6.261504] ACPI: Core revision 20150930
[    6.263035] ACPI: 2 ACPI AML tables successfully acquired and loaded
[    6.264100] Security Framework initialized
[    6.264803] Yama: becoming mindful.
[    6.265426] AppArmor: AppArmor initialized
[    6.266187] Dentry cache hash table entries: 65536 (order: 7, 524288 bytes)
[    6.267270] Inode-cache hash table entries: 32768 (order: 6, 262144 bytes)
[    6.268291] Mount-cache hash table entries: 1024 (order: 1, 8192 bytes)
[    6.269263] Mountpoint-cache hash table entries: 1024 (order: 1, 8192 bytes)
[    6.270422] Initializing cgroup subsys io
[    6.271103] Initializing cgroup subsys memory
[    6.271823] Initializing cgroup subsys devices
[    6.272547] Initializing cgroup subsys freezer
[    6.273269] Initializing cgroup subsys net_cls
[    6.274117] Initializing cgroup subsys perf_event
[    6.290353] Initializing cgroup subsys net_prio
[    6.302694] Initializing cgroup subsys hugetlb
[    6.303422] Initializing cgroup subsys pids
[    6.304191] CPU: Physical Processor ID: 0
[    6.304872] CPU: Processor Core ID: 0
[    6.306532] mce: CPU supports 0 MCE banks
[    6.307571] Last level iTLB entries: 4KB 64, 2MB 8, 4MB 8
[    6.308504] Last level dTLB entries: 4KB 64, 2MB 0, 4MB 0, 1GB 4
[    6.359370] Freeing SMP alternatives memory: 32K (ffffffff820b8000 - ffffffff820c0000)
[    6.481609] ftrace: allocating 32065 entries in 126 pages
[    6.590746] smpboot: APIC(0) Converting physical 0 to logical package 0
[    6.690933] smpboot: Max logical packages: 1
[    6.750734] x2apic enabled
[    6.781575] Switched APIC routing to physical x2apic.
[    6.853576] ..TIMER: vector=0x30 apic1=0 pin1=2 apic2=-1 pin2=-1
[    7.046609] smpboot: CPU0: Intel(R) Core(TM) i7-5600U CPU @ 2.60GHz (family: 0x6, model: 0x3d, stepping: 0x4)
[    7.186817] Performance Events: unsupported p6 CPU model 61 no PMU driver, software events only.
[    7.309164] KVM setup paravirtual spinlock
[    7.369146] x86: Booting SMP configuration:
[    7.432556] .... node  #0, CPUs:      #1
[    7.488493] kvm-clock: cpu 1, msr 0:1ffe3041, secondary cpu clock
[    7.491499] mce: CPU supports 0 MCE banks
[    7.495557] x86: Booted up 1 node, 2 CPUs
[    7.530841] smpboot: Total of 2 processors activated (10375.97 BogoMIPS)
[    7.589878] devtmpfs: initialized
[    7.591587] evm: security.selinux
[    7.592198] evm: security.SMACK64
[    7.592791] evm: security.SMACK64EXEC
[    7.593421] evm: security.SMACK64TRANSMUTE
[    7.594098] evm: security.SMACK64MMAP
[    7.594729] evm: security.ima
[    7.595306] evm: security.capability
[    7.596129] clocksource: jiffies: mask: 0xffffffff max_cycles: 0xffffffff, max_idle_ns: 7645041785100000 ns
[    7.597730] pinctrl core: initialized pinctrl subsystem
[    7.602822] RTC time: 11:27:36, date: 02/11/17
[    7.606574] NET: Registered protocol family 16
[    7.619235] cpuidle: using governor ladder
[    7.643703] cpuidle: using governor menu
[    7.651446] PCCT header not found.
[    7.684167] ACPI: bus type PCI registered
[    7.736781] acpiphp: ACPI Hot Plug PCI Controller Driver version: 0.5
[    7.827407] PCI: Using configuration type 1 for base access
[    7.911204] ACPI: Added _OSI(Module Device)
[    7.964808] ACPI: Added _OSI(Processor Device)
[    8.012496] ACPI: Added _OSI(3.0 _SCP Extensions)
[    8.047726] ACPI: Added _OSI(Processor Aggregator Device)
[    8.114774] ACPI: Executed 1 blocks of module-level executable AML code
[    8.209565] ACPI: Interpreter enabled
[    8.251858] ACPI: (supports S0 S5)
[    8.279501] ACPI: Using IOAPIC for interrupt routing
[    8.286576] PCI: Using host bridge windows from ACPI; if necessary, use "pci=nocrs" and report a bug
[    8.291077] ACPI: PCI Root Bridge [PCI0] (domain 0000 [bus 00-ff])
[    8.300366] acpi PNP0A03:00: _OSC: OS supports [ASPM ClockPM Segments MSI]
[    8.301376] acpi PNP0A03:00: _OSC failed (AE_NOT_FOUND); disabling ASPM
[    8.302354] acpi PNP0A03:00: fail to add MMCONFIG information, can't access extended PCI configuration space under this bridge.
[    8.417525] PCI host bridge to bus 0000:00
[    8.470674] pci_bus 0000:00: root bus resource [io  0x0000-0x0cf7 window]
[    8.554237] pci_bus 0000:00: root bus resource [io  0x0d00-0xffff window]
[    8.635788] pci_bus 0000:00: root bus resource [mem 0x000a0000-0x000bffff window]
[    8.652468] pci_bus 0000:00: root bus resource [mem 0x20000000-0xffdfffff window]
[    8.653974] pci_bus 0000:00: root bus resource [bus 00-ff]
[    8.660802] pci 0000:00:01.1: legacy IDE quirk: reg 0x10: [io  0x01f0-0x01f7]
[    8.663627] pci 0000:00:01.1: legacy IDE quirk: reg 0x14: [io  0x03f6]
[    8.666755] pci 0000:00:01.1: legacy IDE quirk: reg 0x18: [io  0x0170-0x0177]
[    8.670287] pci 0000:00:01.1: legacy IDE quirk: reg 0x1c: [io  0x0376]
[    8.695672] pci 0000:00:07.0: quirk: [io  0x4000-0x403f] claimed by PIIX4 ACPI
[    8.778150] pci 0000:00:07.0: quirk: [io  0x4100-0x410f] claimed by PIIX4 SMB
[    8.869766] ACPI: PCI Interrupt Link [LNKA] (IRQs 5 9 10 *11)
[    8.947046] ACPI: PCI Interrupt Link [LNKB] (IRQs 5 9 10 *11)
[    9.002538] ACPI: PCI Interrupt Link [LNKC] (IRQs 5 9 *10 11)
[    9.067694] ACPI: PCI Interrupt Link [LNKD] (IRQs 5 *9 10 11)
[    9.136558] ACPI: Enabled 2 GPEs in block 00 to 07
[    9.205092] vgaarb: setting as boot device: PCI:0000:00:02.0
[    9.264857] vgaarb: device added: PCI:0000:00:02.0,decodes=io+mem,owns=io+mem,locks=none
[    9.359365] vgaarb: loaded
[    9.383562] vgaarb: bridge control possible 0000:00:02.0
[    9.447730] SCSI subsystem initialized
[    9.474814] ACPI: bus type USB registered
[    9.523156] usbcore: registered new interface driver usbfs
[    9.590643] usbcore: registered new interface driver hub
[    9.659461] usbcore: registered new device driver usb
[    9.711804] PCI: Using ACPI for IRQ routing
[    9.722725] NetLabel: Initializing
[    9.749446] NetLabel:  domain hash size = 128
[    9.812725] NetLabel:  protocols = UNLABELED CIPSOv4
[    9.869436] NetLabel:  unlabeled traffic allowed by default
[    9.933524] amd_nb: Cannot enumerate AMD northbridges
[   10.006923] clocksource: Switched to clocksource kvm-clock
[   10.117019] AppArmor: AppArmor Filesystem Enabled
[   10.223230] pnp: PnP ACPI init
[   10.304859] pnp: PnP ACPI: found 3 devices
[   10.409307] clocksource: acpi_pm: mask: 0xffffff max_cycles: 0xffffff, max_idle_ns: 2085701024 ns
[   10.632184] NET: Registered protocol family 2
[   10.727583] TCP established hash table entries: 4096 (order: 3, 32768 bytes)
[   10.749986] TCP bind hash table entries: 4096 (order: 4, 65536 bytes)
[   10.770186] TCP: Hash tables configured (established 4096 bind 4096)
[   10.775681] UDP hash table entries: 256 (order: 1, 8192 bytes)
[   10.793006] UDP-Lite hash table entries: 256 (order: 1, 8192 bytes)
[   10.801416] NET: Registered protocol family 1
[   10.867566] pci 0000:00:00.0: Limiting direct PCI/PCI transfers
[   10.868482] pci 0000:00:01.0: Activating ISA DMA hang workarounds
[   10.869521] Trying to unpack rootfs image as initramfs...
[   12.925107] Freeing initrd memory: 10540K (ffff88001ed11000 - ffff88001f75c000)
[   12.964317] RAPL PMU detected, API unit is 2^-32 Joules, 4 fixed counters 10737418240 ms ovfl timer
[   13.062063] hw unit of domain pp0-core 2^-0 Joules
[   13.094886] hw unit of domain package 2^-0 Joules
[   13.119820] hw unit of domain dram 2^-0 Joules
[   13.165169] hw unit of domain pp1-gpu 2^-0 Joules
[   13.207560] platform rtc_cmos: registered platform RTC device (no PNP device found)
[   13.275884] Scanning for low memory corruption every 60 seconds
[   13.352030] futex hash table entries: 512 (order: 3, 32768 bytes)
[   13.405280] audit: initializing netlink subsys (disabled)
[   13.483494] audit: type=2000 audit(1486812458.359:1): initialized
[   13.517968] Initialise system trusted keyring
[   13.548375] HugeTLB registered 2 MB page size, pre-allocated 0 pages
[   13.560402] zbud: loaded
[   13.601238] VFS: Disk quotas dquot_6.6.0
[   13.684834] VFS: Dquot-cache hash table entries: 512 (order 0, 4096 bytes)
[   13.752175] squashfs: version 4.0 (2009/01/31) Phillip Lougher
[   13.786402] fuse init (API version 7.23)
[   13.889015] Key type big_key registered
[   13.912926] Allocating IMA MOK and blacklist keyrings.
[   13.920973] Key type asymmetric registered
[   13.923663] Asymmetric key parser 'x509' registered
[   13.941935] Block layer SCSI generic (bsg) driver version 0.4 loaded (major 249)
[   13.943548] io scheduler noop registered
[   13.957463] io scheduler deadline registered (default)
[   13.960784] io scheduler cfq registered
[   13.987882] pci_hotplug: PCI Hot Plug PCI Core version: 0.5
[   14.011118] pciehp: PCI Express Hot Plug Controller Driver version: 0.4
[   14.015720] ACPI: AC Adapter [AC] (off-line)
[   14.049337] input: Power Button as /devices/LNXSYSTM:00/LNXPWRBN:00/input/input0
[   14.061924] ACPI: Power Button [PWRF]
[   14.066361] input: Sleep Button as /devices/LNXSYSTM:00/LNXSLPBN:00/input/input1
[   14.074659] ACPI: Sleep Button [SLPF]
[   14.078101] GHES: HEST is not enabled!
[   14.102909] ACPI: Battery Slot [BAT0] (battery present)
[   14.144544] Serial: 8250/16550 driver, 32 ports, IRQ sharing enabled
[   14.186900] 00:02: ttyS0 at I/O 0x3f8 (irq = 4, base_baud = 115200) is a 16550A
[   14.194715] Linux agpgart interface v0.103
[   14.198741] brd: module loaded
[   14.237601] tsc: Refined TSC clocksource calibration: 2593.579 MHz
[   14.298292] clocksource: tsc: mask: 0xffffffffffffffff max_cycles: 0x25628a618e5, max_idle_ns: 440795286278 ns
[   14.311886] loop: module loaded
[   14.316893] scsi host0: ata_piix
[   14.329992] scsi host1: ata_piix
[   14.345430] ata1: PATA max UDMA/33 cmd 0x1f0 ctl 0x3f6 bmdma 0xd000 irq 14
[   14.348700] ata2: PATA max UDMA/33 cmd 0x170 ctl 0x376 bmdma 0xd008 irq 15
[   14.365976] libphy: Fixed MDIO Bus: probed
[   14.367258] tun: Universal TUN/TAP device driver, 1.6
[   14.386267] tun: (C) 1999-2004 Max Krasnyansky <maxk@qualcomm.com>
[   14.471654] PPP generic driver version 2.4.2
[   14.494083] ehci_hcd: USB 2.0 'Enhanced' Host Controller (EHCI) Driver
[   14.531821] ehci-pci: EHCI PCI platform driver
[   14.579701] ehci-platform: EHCI generic platform driver
[   14.620671] ohci_hcd: USB 1.1 'Open' Host Controller (OHCI) Driver
[   14.697131] ohci-pci: OHCI PCI platform driver
[   14.735031] ohci-platform: OHCI generic platform driver
[   14.843039] uhci_hcd: USB Universal Host Controller Interface driver
[   14.903567] i8042: PNP: PS/2 Controller [PNP0303:PS2K,PNP0f03:PS2M] at 0x60,0x64 irq 1,12
[   14.942810] serio: i8042 KBD port at 0x60,0x64 irq 1
[   15.001735] serio: i8042 AUX port at 0x60,0x64 irq 12
[   15.035895] mousedev: PS/2 mouse device common for all mice
[   15.052504] input: AT Translated Set 2 keyboard as /devices/platform/i8042/serio0/input/input2
[   15.082162] rtc_cmos rtc_cmos: rtc core: registered rtc_cmos as rtc0
[   15.104247] rtc_cmos rtc_cmos: alarms up to one day, 114 bytes nvram
[   15.142941] i2c /dev entries driver
[   15.183740] device-mapper: uevent: version 1.0.3
[   15.256782] device-mapper: ioctl: 4.34.0-ioctl (2015-10-28) initialised: dm-devel@redhat.com
[   15.287178] ledtrig-cpu: registered to indicate activity on CPUs
[   15.333937] NET: Registered protocol family 10
[   15.343858] NET: Registered protocol family 17
[   15.375304] Key type dns_resolver registered
[   15.403786] microcode: CPU0 sig=0x306d4, pf=0x40, revision=0x0
[   15.415490] microcode: CPU1 sig=0x306d4, pf=0x40, revision=0x0
[   15.420648] microcode: Microcode Update Driver: v2.01 <tigran@aivazian.fsnet.co.uk>, Peter Oruba
[   15.455421] registered taskstats version 1
[   15.479322] Loading compiled-in X.509 certificates
[   15.481007] Loaded X.509 cert 'Build time autogenerated kernel key: a630254739635d6fdc487c9f0afa5d9a0ff04f04'
[   15.515692] zswap: loaded using pool lzo/zbud
[   15.533617] Key type trusted registered
[   15.572600] Key type encrypted registered
[   15.623965] AppArmor: AppArmor sha1 policy hashing enabled
[   15.697617] ima: No TPM chip found, activating TPM-bypass!
[   15.749440] evm: HMAC attrs: 0x1
[   15.763791]   Magic number: 5:891:478
[   15.795875] rtc rtc0: hash matches
[   15.819079] rtc_cmos rtc_cmos: setting system clock to 2017-02-11 11:27:45 UTC (1486812465)
[   15.877417] BIOS EDD facility v0.16 2004-Jun-25, 0 devices found
[   15.922866] EDD information not available.
[   15.951544] Freeing unused kernel memory: 1488K (ffffffff81f44000 - ffffffff820b8000)
[   16.016582] Write protecting the kernel read-only data: 14336k
[   16.021381] Freeing unused kernel memory: 1792K (ffff880001840000 - ffff880001a00000)
[   16.029112] Freeing unused kernel memory: 136K (ffff880001dde000 - ffff880001e00000)
Loading, please wait...
starting version[   16.054755] random: systemd-udevd: uninitialized urandom read (16 bytes read, 5 bits of entropy available)
 229
[   16.055757] random: udevadm: uninitialized urandom read (16 bytes read, 5 bits of entropy available)
[   16.055801] random: udevadm: uninitialized urandom read (16 bytes read, 5 bits of entropy available)
[   16.055942] random: udevadm: uninitialized urandom read (16 bytes read, 5 bits of entropy available)
[   16.055995] random: udevadm: uninitialized urandom read (16 bytes read, 5 bits of entropy available)
[   16.056065] random: udevadm: uninitialized urandom read (16 bytes read, 5 bits of entropy available)
[   16.056123] random: udevadm: uninitialized urandom read (16 bytes read, 5 bits of entropy available)
[   16.056172] random: udevadm: uninitialized urandom read (16 bytes read, 5 bits of entropy available)
[   16.056219] random: udevadm: uninitialized urandom read (16 bytes read, 5 bits of entropy available)
[   16.056282] random: udevadm: uninitialized urandom read (16 bytes read, 5 bits of entropy available)
[   16.717480] e1000: Intel(R) PRO/1000 Network Driver - version 7.3.21-k8-NAPI
[   16.744322] e1000: Copyright (c) 1999-2006 Intel Corporation.
[   16.769043] Fusion MPT base driver 3.04.20
[   16.776092] Copyright (c) 1999-2008 LSI Corporation
[   16.781192] AVX version of gcm_enc/dec engaged.
[   16.785423] AES CTR mode by8 optimization enabled
[   16.790054] Fusion MPT SPI Host driver 3.04.20
[   17.001900] input: ImExPS/2 Generic Explorer Mouse as /devices/platform/i8042/serio1/input/input4
[   17.130707] e1000 0000:00:03.0 eth0: (PCI:33MHz:32-bit) 02:e4:5b:1a:6e:ce
[   17.293848] e1000 0000:00:03.0 eth0: Intel(R) PRO/1000 Network Connection
[   17.393765] mptbase: ioc0: Initiating bringup
[   17.456379] e1000 0000:00:03.0 enp0s3: renamed from eth0
[   17.579267] ioc0: LSI53C1030 A0: Capabilities={Initiator}
[   17.786991] scsi host2: ioc0: LSI53C1030 A0, FwRev=00000000h, Ports=1, MaxQ=256, IRQ=20
[   17.968056] scsi 2:0:0:0: Direct-Access     VBOX     HARDDISK         1.0  PQ: 0 ANSI: 5
[   18.068961] scsi target2:0:0: Beginning Domain Validation
[   18.085869] scsi target2:0:0: Domain Validation skipping write tests
[   18.134097] scsi target2:0:0: Ending Domain Validation
[   18.142192] scsi target2:0:0: asynchronous
[   18.162958] scsi 2:0:1:0: Direct-Access     VBOX     HARDDISK         1.0  PQ: 0 ANSI: 5
[   18.266965] scsi target2:0:1: Beginning Domain Validation
[   18.359527] scsi target2:0:1: Domain Validation skipping write tests
[   18.463185] scsi target2:0:1: Ending Domain Validation
[   18.598071] scsi target2:0:1: asynchronous
[   18.672459] sd 2:0:0:0: [sda] 20971520 512-byte logical blocks: (10.7 GB/10.0 GiB)
[   18.679920] sd 2:0:0:0: Attached scsi generic sg0 type 0
[   18.680104] sd 2:0:1:0: Attached scsi generic sg1 type 0
[   18.837303] sd 2:0:1:0: [sdb] 20480 512-byte logical blocks: (10.5 MB/10.0 MiB)
[   18.837520] sd 2:0:0:0: [sda] Write Protect is off
[   18.837645] sd 2:0:0:0: [sda] Incomplete mode parameter data
[   18.837646] sd 2:0:0:0: [sda] Assuming drive cache: write through
[   18.922498]  sda: sda1
[   18.923595] sd 2:0:0:0: [sda] Attached SCSI disk
[   19.104859] sd 2:0:1:0: [sdb] Write Protect is off
[   19.161865] sd 2:0:1:0: [sdb] Incomplete mode parameter data
[   19.194150] sd 2:0:1:0: [sdb] Assuming drive cache: write through
[   19.205229] sd 2:0:1:0: [sdb] Attached SCSI disk
[   19.755481] floppy0: no floppy controllers found
Begin: Loading e[   21.348718] md: linear personality registered for level -1
ssential drivers[   21.442690] md: multipath personality registered for level -4
 ... [   21.485127] md: raid0 personality registered for level 0
[   21.500601] md: raid1 personality registered for level 1
[   21.591133] raid6: sse2x1   gen()  4052 MB/s
[   21.695119] raid6: sse2x1   xor()  6448 MB/s
[   21.815023] raid6: sse2x2   gen() 12081 MB/s
[   21.939648] raid6: sse2x2   xor()  7860 MB/s
[   22.047108] raid6: sse2x4   gen() 13165 MB/s
[   22.178978] raid6: sse2x4   xor()  9522 MB/s
[   22.243874] raid6: using algorithm sse2x4 gen() 13165 MB/s
[   22.300933] raid6: .... xor() 9522 MB/s, rmw enabled
[   22.370794] raid6: using ssse3x2 recovery algorithm
[   22.372872] xor: automatically using best checksumming function:
[   22.447047]    avx       : 20297.000 MB/sec
[   22.467401] async_tx: api initialized (async)
[   22.508412] md: raid6 personality registered for level 6
[   22.552580] md: raid5 personality registered for level 5
[   22.562576] md: raid4 personality registered for level 4
[   22.571820] md: raid10 personality registered for level 10
done.
Begin: Running /scripts/init-p[   22.609833] Btrfs loaded
remount ... done.
Begin: Mounting root file system ... Begin: Running /scripts/local-top ... done.
Begin: Running /scripts/local-premount ... Scanning for Btrfs filesystems
done.
Warning: fsck no[   22.658911] EXT4-fs (sda1): mounted filesystem with ordered data mode. Opts: (null)
t present, so skipping root file system
done.
Begin: Running /scripts/local-bottom ... done.
Begin: Running /scripts/init-bottom ... done.
[   22.861958] systemd[1]: systemd 229 running in system mode. (+PAM +AUDIT +SELINUX +IMA +APPARMOR +SMACK +SYSVINIT +UTMP +LIBCRYPTSETUP +GCRYPT +GNUTLS +ACL +XZ -LZ4 +SECCOMP +BLKID +ELFUTILS +KMOD -IDN)
[   22.984093] systemd[1]: Detected virtualization oracle.
[   22.986903] systemd[1]: Detected architecture x86-64.

Welcome to [1mUbuntu 16.04.2 LTS[0m!

[   23.028755] systemd[1]: Set hostname to <ubuntu>.
[   23.085173] systemd[1]: Initializing machine ID from random generator.
[   23.181664] systemd[1]: Installed transient /etc/machine-id file.
[   23.401217] systemd[1]: Listening on Syslog Socket.
[[0;32m  OK  [0m] Listening on Syslog Socket.
[   23.475652] systemd[1]: Listening on Journal Socket (/dev/log).
[[0;32m  OK  [0m] Listening on Journal Socket (/dev/log).
[   23.575923] systemd[1]: Listening on Device-mapper event daemon FIFOs.
[[0;32m  OK  [0m] Listening on Device-mapper event daemon FIFOs.
[   23.651698] systemd[1]: Set up automount Arbitrary Executable File Formats File System Automount Point.
[[0;32m  OK  [0m] Set up automount Arbitrary Executab...ats File System Automount Point.
[   23.847604] systemd[1]: Reached target Encrypted Volumes.
[[0;32m  OK  [0m] Reached target Encrypted Volumes.
[   24.023701] systemd[1]: Reached target User and Group Name Lookups.
[[0;32m  OK  [0m] Reached target User and Group Name Lookups.
[   24.188381] systemd[1]: Created slice System Slice.
[[0;32m  OK  [0m] Created slice System Slice.
[   24.346870] systemd[1]: Created slice system-serial\x2dgetty.slice.
[[0;32m  OK  [0m] Created slice system-serial\x2dgetty.slice.
[   24.388030] systemd[1]: Listening on udev Kernel Socket.
[[0;32m  OK  [0m] Listening on udev Kernel Socket.
[   24.448208] systemd[1]: Started Forward Password Requests to Wall Directory Watch.
[[0;32m  OK  [0m] Started Forward Password Requests to Wall Directory Watch.
[   24.504076] systemd[1]: Listening on Journal Audit Socket.
[[0;32m  OK  [0m] Listening on Journal Audit Socket.
[   24.623704] systemd[1]: Listening on Journal Socket.
[[0;32m  OK  [0m] Listening on Journal Socket.
[   24.731827] systemd[1]: Mounting Debug File System...
         Mounting Debug File System...
[   24.795539] systemd[1]: Starting Set console keymap...
         Starting Set console keymap...
[   24.919665] systemd[1]: Starting Uncomplicated firewall...
[   24.983651] random: nonblocking pool is initialized
         Starting Uncomplicated firewall...
[   25.063185] systemd[1]: Starting Load Kernel Modules...
         Starting Load Kernel Modules...
[   25.103076] Loading iSCSI transport class v2.0-870.
[   25.171662] systemd[1]: Starting Journal Service...
         [   25.247373] iscsi: registered transport (tcp)
Starting Journal Service...
[   25.323862] iscsi: registered transport (iser)
[   25.327980] systemd[1]: Mounting Huge Pages File System...
         Mounting Huge Pages File System...
[   25.455855] systemd[1]: Starting Nameserver information manager...
         Starting Nameserver information manager...
[   25.564152] systemd[1]: Mounting POSIX Message Queue File System...
         Mounting POSIX Message Queue File System...
[   25.668819] systemd[1]: Listening on LVM2 metadata daemon socket.
[[0;32m  OK  [0m] Listening on LVM2 metadata daemon socket.
[   25.791472] systemd[1]: Starting Monitoring of LVM2 mirrors, snapshots etc. using dmeventd or progress polling...
         Starting Monitoring of LVM2 mirrors... dmeventd or progress polling...
[   25.834195] systemd[1]: Listening on /dev/initctl Compatibility Named Pipe.
[[0;32m  OK  [0m] Listening on /dev/initctl Compatibility Named Pipe.
[   25.899549] systemd[1]: Starting Remount Root and Kernel File Systems...
         Starting Remount[   25.962832] EXT4-fs (sda1): re-mounted. Opts: (null)
 Root and Kernel File Systems...
[   26.055540] systemd[1]: Starting Create list of required static device nodes for the current kernel...
         Starting Create list of required st... nodes for the current kernel...
[   26.219843] systemd[1]: Listening on LVM2 poll daemon socket.
[[0;32m  OK  [0m] Listening on LVM2 poll daemon socket.
[   26.364546] systemd[1]: Created slice User and Session Slice.
[[0;32m  OK  [0m] Created slice User and Session Slice.
[   26.568334] systemd[1]: Reached target Slices.
[[0;32m  OK  [0m] Reached target Slices.
[   26.715952] systemd[1]: Listening on udev Control Socket.
[[0;32m  OK  [0m] Listening on udev Control Socket.
[   26.741787] systemd[1]: Reached target Swap.
[[0;32m  OK  [0m] Reached target Swap.
[   26.835543] systemd[1]: Mounted POSIX Message Queue File System.
[[0;32m  OK  [0m] Mounted POSIX Message Queue File System.
[   26.963991] systemd[1]: Mounted Debug File System.
[[0;32m  OK  [0m] Mounted Debug File System.
[   26.998576] systemd[1]: Mounted Huge Pages File System.
[[0;32m  OK  [0m] Mounted Huge Pages File System.
[   27.092473] systemd[1]: Started Journal Service.
[[0;32m  OK  [0m] Started Journal Service.
[[0;32m  OK  [0m] Started Set console keymap.
[[0;32m  OK  [0m] Started Uncomplicated firewall.
[[0;32m  OK  [0m] Started Load Kernel Modules.
[[0;32m  OK  [0m] Started Remount Root and Kernel File Systems.
[[0;32m  OK  [0m] Started Create list of required sta...ce nodes for the current kernel.
[[0;32m  OK  [0m] Started Nameserver information manager.
[[0;32m  OK  [0m] Started LVM2 metadata daemon.
         Starting Create Static Device Nodes in /dev...
         Starting Initial cloud-init job (pre-networking)...
         Starting udev Coldplug all Devices...
         Starting Load/Save Random Seed...
         Starting Apply Kernel Variables...
         Mounting FUSE Control File System...
         Starting Flush Journal to Persistent Storage...
[[0;32m  OK  [0m] Mounted FUSE Control File System.
[[0;32m  OK  [0m] Started Monitoring of LVM2 mirrors,...ng dmeventd or progress polling.
[[0;32m  OK  [0m] Started Create Static Device Nodes in /dev.
[[0;32m  OK  [0m] Started Load/Save Random Seed.
[[0;32m  OK  [0m] Started Apply Kernel Variables.
[[0;32m  OK  [0m] Started udev Coldplug all Devices.
[[0;32m  OK  [0m] Started Flush Journal to Persistent Storage.
         Starting udev Kernel Device Manager...
[[0;32m  OK  [0m] Started udev Kernel Device Manager.
[[0;32m  OK  [0m] Reached target Local File Systems (Pre).
[[0;32m  OK  [0m] Reached target Local File Systems.
         Starting LSB: AppArmor initialization...
         Starting Set console font and keymap...
         Starting Tell Plymouth To Write Out Runtime Data...
         Starting Create Volatile Files and Directories...
         Starting Commit a transient machine-id on disk...
[[0;32m  OK  [0m] Started Dispatch Password Requests to Console Directory Watch.
[[0;32m  OK  [0m] Started Tell Plymouth To Write Out Runtime Data.
[[0;32m  OK  [0m] Started Create Volatile Files and Directories.
[[0;32m  OK  [0m] Started Commit a transient machine-id on disk.
[[0;32m  OK  [0m] Found device /dev/ttyS0.
         Starting Update UTMP about System Boot/Shutdown...
[[0;32m  OK  [0m] Reached target System Time Synchronized.
[[0;32m  OK  [0m] Started Update UTMP about System Boot/Shutdown.
[   19.721207] cloud-init[477]: Cloud-init v. 0.7.8 running 'init-local' at Sat, 11 Feb 2017 11:27:58 +0000. Up 19.25 seconds.
[[0;1;31mFAILED[0m] Failed to start Set console font and keymap.
See 'systemctl status console-setup.service' for details.
[[0;32m  OK  [0m] Created slice system-getty.slice.
[[0;32m  OK  [0m] Listening on Load/Save RF Kill Switch Status /dev/rfkill Watch.
[[0;32m  OK  [0m] Started Initial cloud-init job (pre-networking).
[[0;32m  OK  [0m] Reached target Network (Pre).
[[0;32m  OK  [0m] Started LSB: AppArmor initialization.
         Starting Raise network interfaces...
[[0;32m  OK  [0m] Started Raise network interfaces.
[[0;32m  OK  [0m] Reached target Network.
         Starting Initial cloud-init job (metadata service crawler)...
[   23.508312] cloud-init[1024]: Cloud-init v. 0.7.8 running 'init' at Sat, 11 Feb 2017 11:28:01 +0000. Up 22.74 seconds.
[[0;32m  OK  [0m] Started Initial cloud-init job (metadata service crawler).
[   23.613096] cloud-init[1024]: ci-info: +++++++++++++++++++++++++++++++++++++Net device info++++++++++++++++++++++++++++++++++++++
[   23.757656] cloud-init[1024]: ci-info: +--------+------+----------------------------+---------------+-------+-------------------+
[   23.844683] cloud-init[1024]: ci-info: | Device |  Up  |          Address           |      Mask     | Scope |     Hw-Address    |
[   23.929611] cloud-init[1024]: ci-info: +--------+------+----------------------------+---------------+-------+-------------------+
[[0;32m  OK  [0m] Reached target Network is Online.
[   24.007578] cloud-init[1024]: ci-info: | enp0s3 | True |         10.0.2.15          | 255.255.255.0 |   .   | 02:e4:5b:1a:6e:ce |
[   24.148389] cloud-init[1024]: ci-info: | enp0s3 | True | fe80::e4:5bff:fe1a:6ece/64 |       .       |  link | 02:e4:5b:1a:6e:ce |
[   24.149312] cloud-init[1024]: ci-info: |   lo   | True |         127.0.0.1          |   255.0.0.0   |   .   |         .         |
[   24.149426] cloud-init[1024]: ci-info: |   lo   | True |          ::1/128           |       .       |  host |         .         |
[   24.149545] cloud-init[1024]: ci-info: +--------+------+----------------------------+---------------+-------+-------------------+
[   24.149646] cloud-init[1024]: ci-info: +++++++++++++++++++++++++++Route IPv4 info++++++++++++++++++++++++++++
[   24.149750] cloud-init[1024]: ci-info: +-------+-------------+----------+---------------+-----------+-------+
[   24.149848] cloud-init[1024]: ci-info: | Route | Destination | Gateway  |    Genmask    | Interface | Flags |
[   24.150010] cloud-init[1024]: ci-info: +-------+-------------+----------+---------------+-----------+-------+
[   24.150113] cloud-init[1024]: ci-info: |   0   |   0.0.0.0   | 10.0.2.2 |    0.0.0.0    |   enp0s3  |   UG  |
[   24.150209] cloud-init[1024]: ci-info: |   1   |   10.0.2.0  | 0.0.0.0  | 255.255.255.0 |   enp0s3  |   U   |
[   24.150307] cloud-init[1024]: ci-info: +-------+-------------+----------+---------------+-----------+-------+
[   24.150412] cloud-init[1024]: Generating public/private rsa key pair.
[   24.150513] cloud-init[1024]: Your identification has been saved in /etc/ssh/ssh_host_rsa_key.
[   24.150609] cloud-init[1024]: Your public key has been saved in /etc/ssh/ssh_host_rsa_key.pub.
[   24.150705] cloud-init[1024]: The key fingerprint is:
[   24.150801] cloud-init[1024]: SHA256:gJTAdphk72zV4k021WpHemd2mLMJSqhiXQLaf7QRng4 root@ubuntu-xenial
         Starting iSCSI initiator daemon (iscsid)...
[[0;32m  OK  [0m] Reached target System Initialization.[   24.155433] cloud-init[1024]: The key's randomart image is:
[   25.082821] cloud-init[1024]: +---[RSA 2048]----+
[   25.082954] cloud-init[1024]: | o++..    ..     |
[   25.083062] cloud-init[1024]: | .=o+. ...  o    |
[   25.083185] cloud-init[1024]: | . +o.+.=+ +   o |
[   25.083288] cloud-init[1024]: |  .o.oE*B.= + B .|
[   25.083387] cloud-init[1024]: |    +o.BS= + = = |
[   25.084393] cloud-init[1024]: |   .o + + .   o  |
[   25.084606] cloud-init[1024]: |   . . .         |
[   25.084717] cloud-init[1024]: |                 |
[   25.084814] cloud-init[1024]: |                 |
[   25.085407] cloud-init[1024]: +----[SHA256]-----+

         Starting Socket activation for snappy daemon.
[[0;32m  OK  [0m] Started Trigger resolvconf update for networkd DNS.
[   25.089110] cloud-init[1024]: Generating public/private dsa key pair.
[   25.327861]          Starting LXD - unix socket.
[[0;32m  OK  [0m] Started Timer to automatically refresh installed snaps.
[[0;32m  OK  [0m] Listening on UUID daemon activation socket.
cloud-init[1024]: Your identification has been saved in /etc/ssh/ssh_host_dsa_key.
[[0;32m  OK  [0m] Started Daily Cleanup of Temporary Directories.
[   25.334060] [cloud-init[0;32m  OK  [0m[1024]: ] Your public key has been saved in /etc/ssh/ssh_host_dsa_key.pub.Listening on ACPID Listen Socket.

[   25.360931] cloud-init[1024]: The key fingerprint is:
[   25.421828] [cloud-init[0;32m  OK  [0m[1024]: ] SHA256:AmLQN36JCHPk8Uk3pbQY6uYPRuuWURJAeziv+kVXx54 root@ubuntu-xenialStarted ACPI Events Check.

[[0;32m  OK  [0m] Reached target Paths.
[[0;32m  OK  [0m] Listening on D-Bus System Message Bus Socket.
[   25.422761] cloud-init[1024]: The key's randomart image is:
[   25.557321] [cloud-init[0;32m  OK  [0m[1024]: ] +---[DSA 1024]----+Started Daily apt activities.

[   25.574163] [cloud-init[0;32m  OK  [0m[1024]: ] |+=o o +..        |Reached target Timers.

[   25.575544] [[0;32m  OK  [0m] Reached target Cloud-config availability.
cloud-init[1024]: |oo*=o* + .       |
[   25.608685] [cloud-init[0;32m  OK  [0m[1024]: ] | B=*=oo.. o      |Listening on Socket activation for snappy daemon.

[   25.609812] [cloud-init[0;32m  OK  [0m[1024]: ] | o*.+.o. o .     |Listening on LXD - unix socket.

[   25.662962] [cloud-init[0;32m  OK  [0m[1024]: ] |  ++..o S E      |Started iSCSI initiator daemon (iscsid).

[   25.710755] cloud-init[1024]: | +oo . .         |
[   25.722033] cloud-init[1024]: | .=o.            |
[   25.737841] cloud-init[1024]: |.oo+             |
         Starting Login to default iSCSI targets...
[[0;32m  OK  [0m] Reached target Sockets.
[   25.774779] cloud-init[1024]: |.oo .            |
[[0;32m  OK  [0m] Reached target Basic System.
[   25.847643] cloud-init[1024]: +----[SHA256]-----+
[   25.888988] cloud-init[1024]: Generating public/private ecdsa key pair.
[   25.889654] cloud-init[1024]: Your identification has been saved in /etc/ssh/ssh_host_ecdsa_key.
         Starting Pollinate to seed the pseudo random number generator...
[   25.890112] cloud-init[1024]: Your public key has been saved in /etc/ssh/ssh_host_ecdsa_key.pub.
[   25.916266] cloud-init[1024]: The key fingerprint is:
[   25.937013] cloud-init[1024]: SHA256:Ab1qpaid9CLwfhsJ+WnkssUXpQNGJNnXRysTVuIlNc4 root@ubuntu-xenial
[   25.938083] cloud-init[1024]: The key's randomart image is:
         Starting Login Service...
[   25.938465] cloud-init[1024]: +---[ECDSA 256]---+
[   26.052934] cloud-init[1024]: |  .+o .o=+*      |
[   26.053644] cloud-init[1024]: |  .o. .+oB.o     |
[[0;32m  OK  [0m] Started Regular background program processing daemon.
[   26.053991] cloud-init[1024]: |    o.  *oE      |
[   26.149136] cloud-init[1024]: |   o . oo+       |
[   26.149855] cloud-init[1024]: |  o ..++S        |
[[0;32m  OK  [0m] Started ACPI event daemon.
[   26.150200] cloud-init[1024]: |.  *oo+o         |
[   26.233905] cloud-init[1024]: | o.+X+.          |
[   26.234821] cloud-init[1024]: |  +==o.          |
[[0;32m  OK  [0m] Started D-Bus System Message Bus.
[   26.235200] cloud-init[1024]: | .oo.o           |
[   26.329431] cloud-init[1024]: +----[SHA256]-----+
[   26.329895] cloud-init[1024]: Generating public/private ed25519 key pair.
         Starting LXD - container startup/shutdown...
[   26.330102] cloud-init[1024]: Your identification has been saved in /etc/ssh/ssh_host_ed25519_key.
[   26.432784] cloud-init[1024]: Your public key has been saved in /etc/ssh/ssh_host_ed25519_key.pub.
[   26.433953] cloud-init[1024]: The key fingerprint is:
         Starting LSB: MD monitoring daemon...
[   26.434456] cloud-init[1024]: SHA256:57DDUOlQUNI+BH9HYwaguiGsSNRUMZpsc0R/1rp5F2E root@ubuntu-xenial
[   26.497927] cloud-init[1024]: The key's randomart image is:
[   26.509940] cloud-init[1024]: +--[ED25519 256]--+
[   26.524374] cloud-init[1024]: |   .o*==+...=    |
[   26.524963] cloud-init[1024]: |  + + o=o..+ .   |
         Starting Apply the settings specified in cloud-config...
[   26.525313] cloud-init[1024]: | . B .o++o...E   |
[   26.573216] cloud-init[1024]: |... o. +=.... .  |
[[0;32m  OK  [0m] Started FUSE filesystem for LXC.
[   26.617335] cloud-init[1024]: | .o o . So.  .   |
         Starting System Logging Service...
[   26.676906] cloud-init[1024]: |o. . o o =o   .  |
         Starting /etc/rc.local Compatibility...
[   26.719260] cloud-init[1024]: |o   .   +o.. .   |
[   26.756403] cloud-init[1024]: |         .. .    |
[[0;32m  OK  [0m] Started Deferred execution scheduler.
[   26.762513] cloud-init[1024]: |                 |
[   26.805980] cloud-init[1024]: +----[SHA256]-----+
         Starting LSB: Record successful boot for GRUB...
         Starting Accounts Service...
[[0;32m  OK  [0m] Started Snappy daemon.
         Starting Auto import assertions from block devices...
[[0;32m  OK  [0m] Started System Logging Service.
[[0;32m  OK  [0m] Started Pollinate to seed the pseudo random number generator.
[[0;32m  OK  [0m] Started LXD - container startup/shutdown.
[[0;32m  OK  [0m] Started /etc/rc.local Compatibility.
[[0;32m  OK  [0m] Started Auto import assertions from block devices.
[[0;32m  OK  [0m] Started Login to default iSCSI targets.
[   27.050059] cloud-init[1187]: Generating locales (this might take a while)...
[[0;32m  OK  [0m] Started LSB: MD monitoring daemon.
[[0;32m  OK  [0m] Started LSB: Record successful boot for GRUB.
[[0;32m  OK  [0m] Started Login Service.
         Starting Authenticate and Authorize Users to Run Privileged Tasks...
[[0;32m  OK  [0m] Reached target Remote File Systems (Pre).
[[0;32m  OK  [0m] Reached target Remote File Systems.
         Starting LSB: Set the CPU Frequency Scaling governor to "ondemand"...
         Starting LSB: VirtualBox Linux Additions...
         Starting LSB: automatic crash report generation...
         Starting Permit User Sessions...
         Starting LSB: daemon to balance interrupts for SMP systems...
         Starting OpenBSD Secure Shell server...
[[0;32m  OK  [0m] Started OpenBSD Secure Shell server.
[[0;32m  OK  [0m] Started Permit User Sessions.
[[0;32m  OK  [0m] Started Authenticate and Authorize Users to Run Privileged Tasks.
[[0;32m  OK  [0m] Started Accounts Service.
[[0;32m  OK  [0m] Started LSB: Set the CPU Frequency Scaling governor to "ondemand".
         Starting Hold until boot process finishes up...
         Starting Terminate Plymouth Boot Screen...
[[0;32m  OK  [0m] Started LSB: VirtualBox Linux Additions.
[[0;32m  OK  [0m] Started LSB: automatic crash report generation.
[[0;32m  OK  [0m] Started LSB: daemon to balance interrupts for SMP systems.
[[0;32m  OK  [0m] Started Hold until boot process finishes up.
[[0;32m  OK  [0m] Started Terminate Plymouth Boot Screen.
         Starting Set console scheme...
[[0;32m  OK  [0m] Started Getty on tty1.
[[0;32m  OK  [0m] Started Serial Getty on ttyS0.
[[0;32m  OK  [0m] Reached target Login Prompts.
[[0;32m  OK  [0m] Reached target Multi-User System.
[[0;32m  OK  [0m] Reached target Graphical Interface.
         Starting Update UTMP about System Runlevel Changes...
[[0;32m  OK  [0m] Started Set console scheme.
[[0;32m  OK  [0m] Started Update UTMP about System Runlevel Changes.
[   28.117215] cloud-init[1187]:   en_US.UTF-8... done
[   28.156643] cloud-init[1187]: Generation complete.
         Stopping OpenBSD Secure Shell server...
[[0;32m  OK  [0m] Stopped OpenBSD Secure Shell server.
         Starting OpenBSD Secure Shell server...
[[0;32m  OK  [0m] Started OpenBSD Secure Shell server.
[   28.577283] cloud-init[1187]: Cloud-init v. 0.7.8 running 'modules:config' at Sat, 11 Feb 2017 11:28:06 +0000. Up 26.89 seconds.
[[0;32m  OK  [0m] Started Apply the settings specified in cloud-config.
         Starting Execute cloud user/final scripts...
ci-info: no authorized ssh keys fingerprints found for user ubuntu.
<14>Feb 11 11:28:08 ec2: 
<14>Feb 11 11:28:08 ec2: #############################################################
<14>Feb 11 11:28:08 ec2: -----BEGIN SSH HOST KEY FINGERPRINTS-----
<14>Feb 11 11:28:08 ec2: 1024 SHA256:AmLQN36JCHPk8Uk3pbQY6uYPRuuWURJAeziv+kVXx54 root@ubuntu-xenial (DSA)
<14>Feb 11 11:28:08 ec2: 256 SHA256:Ab1qpaid9CLwfhsJ+WnkssUXpQNGJNnXRysTVuIlNc4 root@ubuntu-xenial (ECDSA)
<14>Feb 11 11:28:08 ec2: 256 SHA256:57DDUOlQUNI+BH9HYwaguiGsSNRUMZpsc0R/1rp5F2E root@ubuntu-xenial (ED25519)
<14>Feb 11 11:28:08 ec2: 2048 SHA256:gJTAdphk72zV4k021WpHemd2mLMJSqhiXQLaf7QRng4 root@ubuntu-xenial (RSA)
<14>Feb 11 11:28:08 ec2: -----END SSH HOST KEY FINGERPRINTS-----
<14>Feb 11 11:28:08 ec2: #############################################################
-----BEGIN SSH HOST KEY KEYS-----
ecdsa-sha2-nistp256 AAAAE2VjZHNhLXNoYTItbmlzdHAyNTYAAAAIbmlzdHAyNTYAAABBBNVz7qpdez4wM+ntWwrsB3fecQHg63zco3NzkSH1YypxWf6ZB3FAJRrRQg74mKVVjorZH1nrhoqnvGKQsV4KRX8= root@ubuntu-xenial
ssh-ed25519 AAAAC3NzaC1lZDI1NTE5AAAAIPxuDr1e32znmo8E2GRVVju0L7xOjgQG17875TMVX4yb root@ubuntu-xenial
ssh-rsa AAAAB3NzaC1yc2EAAAADAQABAAABAQC6cJik+JFVLQGNqs5LgZNZrTH0a+fnJFxItCYoDXPVhAhLS/81wXTWfHHQvfues8D2LVaiVzmhBzM/AMyuPScFlYFsAjVJ01XPynaDO/7tJe8KMQmXh3iH5/fHgJ95iQsOjwE08Y7KdVePjDnnFpc8jxoU+HFQpiVGJdvlsNTT2Ic0oIuiT3k0PrUUjhUV2C73MyW/tpmZqtSt3D/4QinHs638tEjs6ctLPA1Xu8Dh+ZZGRJCT1nsraz2pLmZEiDruE35w16p8xax8N0gp2h5h1SeL5MUk1g+fDMabVXrYz93k7H8CsiBI4cJCJOw/TqWzQR62ZWFsFQkwS0uduXid root@ubuntu-xenial
-----END SSH HOST KEY KEYS-----
[   29.219193] cloud-init[1390]: Cloud-init v. 0.7.8 running 'modules:final' at Sat, 11 Feb 2017 11:28:08 +0000. Up 28.91 seconds.
[   29.230904] cloud-init[1390]: ci-info: no authorized ssh keys fingerprints found for user ubuntu.
[   29.233957] cloud-init[1390]: Cloud-init v. 0.7.8 finished at Sat, 11 Feb 2017 11:28:08 +0000. Datasource DataSourceNoCloud [seed=/dev/sdb][dsmode=net].  Up 29.21 seconds
[[0;32m  OK  [0m] Started Execute cloud user/final scripts.
[[0;32m  OK  [0m] Reached target Cloud-init target.

Ubuntu 16.04.2 LTS ubuntu-xenial ttyS0

ubuntu-xenial login: 